ignoring (possibly broken) abi-depends field for packages
ignoring (possibly broken) abi-depends field for packages
Preprocessing library 'p' for bkpcabal01-0.1.0.0..
Building library 'p' instantiated with H = <H>
for bkpcabal01-0.1.0.0..
ignoring (possibly broken) abi-depends field for packages
Preprocessing library 'q' for bkpcabal01-0.1.0.0..
Building library 'q' instantiated with H = <H>
for bkpcabal01-0.1.0.0..
ignoring (possibly broken) abi-depends field for packages
ignoring (possibly broken) abi-depends field for packages
