ignoring (possibly broken) abi-depends field for packages
pdb.safePkg01/local.db
    safePkg01-1.0

trusted: False

M_SafePkg
package dependencies: base-4.11.0.0* ghc-prim-0.5.2.0 integer-gmp-1.0.1.0
trusted: safe
require own pkg trusted: False

M_SafePkg2
package dependencies: base-4.11.0.0 ghc-prim-0.5.2.0 integer-gmp-1.0.1.0
trusted: trustworthy
require own pkg trusted: False

M_SafePkg3
package dependencies: base-4.11.0.0* ghc-prim-0.5.2.0 integer-gmp-1.0.1.0
trusted: safe
require own pkg trusted: True

M_SafePkg4
package dependencies: base-4.11.0.0* ghc-prim-0.5.2.0 integer-gmp-1.0.1.0
trusted: safe
require own pkg trusted: True

M_SafePkg5
package dependencies: base-4.11.0.0* ghc-prim-0.5.2.0 integer-gmp-1.0.1.0
trusted: safe
require own pkg trusted: True

M_SafePkg6
package dependencies: array-0.5.2.0 base-4.11.0.0* bytestring-0.10.8.2* deepseq-1.4.3.0 ghc-prim-0.5.2.0 integer-gmp-1.0.1.0
trusted: trustworthy
require own pkg trusted: False

M_SafePkg7
package dependencies: array-0.5.2.0 base-4.11.0.0* bytestring-0.10.8.2* deepseq-1.4.3.0 ghc-prim-0.5.2.0 integer-gmp-1.0.1.0
trusted: safe
require own pkg trusted: False

M_SafePkg8
package dependencies: array-0.5.2.0 base-4.11.0.0 bytestring-0.10.8.2* deepseq-1.4.3.0 ghc-prim-0.5.2.0 integer-gmp-1.0.1.0
trusted: trustworthy
require own pkg trusted: False

Testing setting trust
ignoring (possibly broken) abi-depends field for packages
trusted: True
ignoring (possibly broken) abi-depends field for packages
trusted: False
ignoring (possibly broken) abi-depends field for packages
trusted: False
